// Jest Snapshot v1, https://goo.gl/fbAQLP

exports[`<Home/> snapshot home 1`] = `
<DocumentFragment>
  <div
    class="chakra-container css-m7pf44"
  >
    <div
      class="chakra-container css-0"
    >
      <h2
        class="chakra-text css-xi606m"
      >
        tienda tests
      </h2>
      <h3
        class="chakra-text css-0"
      />
      <div
        class="chakra-stack css-wulyol"
      >
        <div
          class="css-1a09ufk"
        >
          <p
            class="chakra-text css-0"
          />
          <p
            class="chakra-text css-xnoh5a"
          >
            $ 100
          </p>
          <div
            class="css-1l4w6pd"
          >
            <img
              alt="product"
              class="chakra-image css-v7v99c"
            />
          </div>
          <div
            class="chakra-button__group css-1ind3v2"
            role="group"
          >
            <button
              class="chakra-button css-2qv00o"
              type="button"
            >
              +
            </button>
            <button
              class="chakra-button css-2qv00o"
              type="button"
            >
              -
            </button>
          </div>
        </div>
      </div>
      <p
        class="chakra-text css-0"
      >
        Total: $0
      </p>
      <button
        class="chakra-button css-5c2176"
        disabled=""
        type="button"
        variantcolor="blue"
      >
        Vaciar carrito
      </button>
    </div>
  </div>
</DocumentFragment>
`;
